<html>
<body>
<pre>
<h1>礦ision Build Log</h1>
<h2>Tool Versions:</h2>
IDE-Version: μVision V5.36.0.0
Copyright (C) 2021 ARM Ltd and ARM Germany GmbH. All rights reserved.
License Information: yaojintao 17752352458, 111, LIC=KRMW3-ALAL7-LQU0Q-NYXF5-FM835-M89TY
 
Tool Versions:
Toolchain:       MDK-ARM Plus  Version: 5.36.0.0
Toolchain Path:  E:\MDK\ARM\ARMCC\Bin
C Compiler:      Armcc.exe V5.06 update 7 (build 960)
Assembler:       Armasm.exe V5.06 update 7 (build 960)
Linker/Locator:  ArmLink.exe V5.06 update 7 (build 960)
Library Manager: ArmAr.exe V5.06 update 7 (build 960)
Hex Converter:   FromElf.exe V5.06 update 7 (build 960)
CPU DLL:         SARMCM3.DLL V5.36.0.0
Dialog DLL:      DARMSTM.DLL V1.68.0.0
Target DLL:      STLink\ST-LINKIII-KEIL_SWO.dll V3.0.9.0
Dialog DLL:      TARMSTM.DLL V1.66.0.0
 
<h2>Project:</h2>
H:\32\野火调试助手windows\stm32-motor-pid-master\stm32-motor-pid-master\实验6 串级PID 位置+速度控制\USER\PWM.uvprojx
Project File Date:  04/06/2023

<h2>Output:</h2>
*** Using Compiler 'V5.06 update 7 (build 960)', folder: 'E:\MDK\ARM\ARMCC\Bin'
Build target 'PWM'
assembling startup_stm32f40_41xxx.s...
compiling capture.c...
compiling system_stm32f4xx.c...
compiling sys.c...
compiling motor.c...
compiling main.c...
compiling usart.c...
compiling stm32f4xx_it.c...
compiling led.c...
compiling pwm.c...
compiling delay.c...
compiling timer.c...
..\SYSTEM\timer\timer.c(158): warning:  #167-D: argument of type "volatile int *" is incompatible with parameter of type "void *"
  		set_computer_value(SEND_FACT_CMD, CURVES_CH1, &encoderNow, 1);   /*给通道1发送实际的电机【位置】值*/
..\SYSTEM\timer\timer.c(110): warning:  #550-D: variable "actual_speed_int"  was set but never used
  	int actual_speed_int = 0;
..\SYSTEM\timer\timer.c: 2 warnings, 0 errors
compiling protocol.c...
compiling bsp_pid.c...
compiling stm32f4xx_gpio.c...
compiling misc.c...
compiling stm32f4xx_usart.c...
compiling stm32f4xx_syscfg.c...
compiling stm32f4xx_rcc.c...
compiling stm32f4xx_tim.c...
linking...
Program Size: Code=12680 RO-data=424 RW-data=80 ZI-data=2168  
FromELF: creating hex file...
"..\OBJ\PWM.axf" - 0 Error(s), 2 Warning(s).

<h2>Software Packages used:</h2>

Package Vendor: Keil
                http://www.keil.com/pack/Keil.STM32F4xx_DFP.2.15.0.pack
                Keil.STM32F4xx_DFP.2.15.0
                STMicroelectronics STM32F4 Series Device Support, Drivers and Examples

<h2>Collection of Component include folders:</h2>
  E:\MDK\Keil\STM32F4xx_DFP\2.15.0\Drivers\CMSIS\Device\ST\STM32F4xx\Include

<h2>Collection of Component Files used:</h2>
Build Time Elapsed:  00:00:03
</pre>
</body>
</html>
